error TS5023: Unknown compiler option '--filter'.
error TS5083: Cannot read file 'workspace/api-server'.
undefined
C:\Users\krist\Downloads\sports-ai-odds\artifacts\api-server:
ÔÇëERR_PNPM_RECURSIVE_EXEC_FIRST_FAILÔÇë Command failed with exit code 1: tsc --noEmit --pretty falsepnpm --filter @workspace/api-server exec tsc --noEmit --pretty false
